
> cymed_frontend@0.1.0 build
> next build

▲ Next.js 16.2.9 (Turbopack)

  Creating an optimized production build ...
(node:18400) [DEP0205] DeprecationWarning: `module.register()` is deprecated. Use `module.registerHooks()` instead.
(Use `node --trace-deprecation ...` to show where the warning was created)
(node:23492) [DEP0205] DeprecationWarning: `module.register()` is deprecated. Use `module.registerHooks()` instead.
(Use `node --trace-deprecation ...` to show where the warning was created)
✓ Compiled successfully in 6.1s
  Running TypeScript ...
  Finished TypeScript in 5.9s ...
  Collecting page data using 11 workers ...
  Generating static pages using 11 workers (0/17) ...
  Generating static pages using 11 workers (4/17) 
  Generating static pages using 11 workers (8/17) 
Fetch failed: [TypeError: fetch failed] {
  [cause]: Error: connect ECONNREFUSED 127.0.0.1:8000
      at <unknown> (Error: connect ECONNREFUSED 127.0.0.1:8000) {
    errno: -4078,
    code: 'ECONNREFUSED',
    syscall: 'connect',
    address: '127.0.0.1',
    port: 8000
  }
}
Fetch failed: [TypeError: fetch failed] {
  [cause]: Error: connect ECONNREFUSED 127.0.0.1:8000
      at <unknown> (Error: connect ECONNREFUSED 127.0.0.1:8000) {
    errno: -4078,
    code: 'ECONNREFUSED',
    syscall: 'connect',
    address: '127.0.0.1',
    port: 8000
  }
}
  Generating static pages using 11 workers (12/17) 
✓ Generating static pages using 11 workers (17/17) in 679ms
  Finalizing page optimization ...

Route (app)
┌ ○ /
├ ○ /_not-found
├ ○ /admission
├ ○ /billing
├ ○ /care_management
├ ○ /command_center
├ ○ /doctor
├ ○ /executive
├ ○ /lab
├ ○ /laboratory
├ ○ /nurse
├ ○ /patient_portal
├ ○ /pharmacy
├ ○ /radiology
└ ○ /reception


○  (Static)  prerendered as static content

